// Jest Snapshot v1, https://goo.gl/fbAQLP

exports[`Login Form  renders the complete form 1`] = `
<form
  className="login-form"
  onSubmit={[Function]}
>
  <fieldset>
    <legend>
      <h3>
        Login Credentials
      </h3>
    </legend>
    <div
      role="alert"
    />
    <div
      className="form-group"
    >
      <label
        htmlFor="user_name"
      >
        Username: 
      </label>
      <input
        id="user_name"
        name="user_name"
        required={true}
        type="text"
      />
    </div>
    <div
      className="form-group"
    >
      <label
        htmlFor="password"
      >
        Password: 
      </label>
      <input
        id="password"
        name="password"
        required={true}
        type="password"
      />
    </div>
    <button
      type="submit"
    >
      Login
    </button>
    <div
      className="sign-up"
    >
      <p>
        Need an account?
        <br />
        <Link
          to="/register"
        >
          Sign up
        </Link>
      </p>
    </div>
  </fieldset>
</form>
`;
