// Jest Snapshot v1, https://goo.gl/fbAQLP

exports[`Registration form renders the complete form 1`] = `
<form
  className="registration-form"
  onSubmit={[Function]}
>
  <fieldset>
    <legend>
      <h3>
        Sign Up
      </h3>
    </legend>
    <div
      role="alert"
    />
    <div
      className="form-group"
    >
      <label
        htmlFor="user_name"
      >
        Username: 
      </label>
      <input
        id="user_name"
        name="user_name"
        required={true}
        type="text"
      />
    </div>
    <div
      className="form-group"
    >
      <label
        htmlFor="first_name"
      >
        First Name: 
      </label>
      <input
        id="first_name"
        name="first_name"
        required={true}
        type="text"
      />
    </div>
    <div
      className="form-group"
    >
      <label
        htmlFor="password"
      >
        Password: 
      </label>
      <input
        id="password"
        name="password"
        required={true}
        type="password"
      />
    </div>
    <button
      type="submit"
    >
      Register
    </button>
  </fieldset>
</form>
`;
